- title: vX.Y.Z
  manifests_url: https://test-release.example.com
  release_name: test-release
  note: Test note
  full_hash: vX.Y.Z-vA.B.C
  tigera-operator:
    version: vA.B.C
    image: tigera/operator
    registry: docker.io
  components:
    calico:
      version: vX.Y.Z
    typha:
      version: vX.Y.Z
    calicoctl:
      version:  vX.Y.Z
    calico/node:
      version:  vX.Y.Z
    calico/cni:
      version:  vX.Y.Z
    calico/apiserver:
      version: vX.Y.Z
    calico/kube-controllers:
      version: vX.Y.Z
    calico/api:
      version: vX.Y.Z
    calico/goldmane:
      version: vX.Y.Z
    networking-calico:
      version: release-v1.0
    flannel:
      version: v0.12.0
      registry: quay.io
    calico/dikastes:
      version: vX.Y.Z
    calico/envoy-gateway:
      version: vX.Y.Z
    calico/envoy-proxy:
      version: vX.Y.Z
    calico/envoy-ratelimit:
      version: vX.Y.Z
    flexvol:
      version: vX.Y.Z
    key-cert-provisioner:
      version: vX.Y.Z
    calico/csi:
      version: vX.Y.Z
    csi-node-driver-registrar:
      version: vX.Y.Z
    calico/cni-windows:
      version: vX.Y.Z
    calico/node-windows:
      version: vX.Y.Z
    calico/guardian:
      version: vX.Y.Z
    calico/whisker:
      version: vX.Y.Z
    calico/whisker-backend:
      version: vX.Y.Z
