- title: vX.Y.Z
  manifests_url: https://test-release.example.com
  release_name: test-release
  note: Test note
  full_hash: vX.Y.Z-vA.B.C
  tigera-operator:
    version: vA.B.C
    image: tigera/operator
    registry: docker.io
  components:
    calico:
      version: vX.Y.Z
    typha:
      version: vX.Y.Z
    calicoctl:
      version:  vX.Y.Z
    node:
      version:  vX.Y.Z
    cni:
      version:  vX.Y.Z
    apiserver:
      version: vX.Y.Z
    kube-controllers:
      version: vX.Y.Z
    api:
      version: vX.Y.Z
    goldmane:
      version: vX.Y.Z
    networking-calico:
      version: release-v1.0
    flannel:
      version: v0.12.0
      registry: quay.io
    dikastes:
      version: vX.Y.Z
    envoy-gateway:
      version: vX.Y.Z
    envoy-proxy:
      version: vX.Y.Z
    envoy-ratelimit:
      version: vX.Y.Z
    flexvol:
      version: vX.Y.Z
    key-cert-provisioner:
      version: vX.Y.Z
    csi:
      version: vX.Y.Z
    csi-node-driver-registrar:
      version: vX.Y.Z
    cni-windows:
      version: vX.Y.Z
    node-windows:
      version: vX.Y.Z
    guardian:
      version: vX.Y.Z
    whisker:
      version: vX.Y.Z
    whisker-backend:
      version: vX.Y.Z
