// Jest Snapshot v1, https://goo.gl/fbAQLP

exports[`<ResizableBody/> can render sort disabled columns 1`] = `
<DocumentFragment>
  <div
    class="chakra-table css-1e8m6zn"
  >
    <div
      class="css-1wzx962"
    >
      <div
        class="css-pqv3b8"
      >
        <div
          class="css-ah6f5b"
          data-testid="column-header"
        >
          <span />
          <div
            class="css-98szye"
            data-testid="resizer-box"
          >
            <div
              class="css-1blz21u"
            >
              <div
                class="css-4vqtv0"
              >
                <svg
                  class="chakra-icon css-1s9fj3p"
                  focusable="false"
                  viewBox="0 0 24 24"
                >
                  <path
                    d="M15.41 7.41L14 6l-6 6 6 6 1.41-1.41L10.83 12z"
                    fill="currentColor"
                  />
                </svg>
              </div>
              <div
                class="css-txswq5"
              />
              <div
                class="css-4vqtv0"
              >
                <svg
                  class="chakra-icon css-1acsmdq"
                  focusable="false"
                  viewBox="0 0 24 24"
                >
                  <path
                    d="M10 6L8.59 7.41 13.17 12l-4.58 4.59L10 18l6-6z"
                    fill="currentColor"
                  />
                </svg>
              </div>
            </div>
          </div>
        </div>
      </div>
    </div>
  </div>
  <span
    hidden=""
    id="__chakra_env"
  />
</DocumentFragment>
`;

exports[`<ResizableBody/> it renders 1`] = `
<DocumentFragment>
  <div
    class="chakra-table css-1e8m6zn"
  >
    <div
      class="css-1wzx962"
    >
      <div
        class="css-pqv3b8"
      >
        <div
          class="css-ah6f5b"
          data-testid="column-header"
        >
          <span />
          <svg
            class="chakra-icon css-162s3ve"
            focusable="false"
            style="margin-left: 4px; transform: scaleY(1);"
            viewBox="0 0 12 11"
          >
            <path
              d="M7.125 8.3125H5.625C5.41406 8.3125 5.25 8.5 5.25 8.6875V9.0625C5.25 9.27344 5.41406 9.4375 5.625 9.4375H7.125C7.3125 9.4375 7.5 9.27344 7.5 9.0625V8.6875C7.5 8.5 7.3125 8.3125 7.125 8.3125ZM3.84375 8.5H2.8125V0.625C2.8125 0.4375 2.625 0.25 2.4375 0.25H2.0625C1.85156 0.25 1.6875 0.4375 1.6875 0.625V8.5H0.65625H0.632812C0.492188 8.5 0.351562 8.64062 0.351562 8.78125C0.351562 8.85156 0.398438 8.94531 0.445312 8.99219L2.03906 10.6797C2.08594 10.7266 2.17969 10.75 2.22656 10.75C2.29688 10.75 2.39062 10.7266 2.4375 10.6797L4.03125 8.99219C4.07812 8.94531 4.10156 8.85156 4.10156 8.78125C4.10156 8.64062 3.98438 8.52344 3.84375 8.5ZM10.125 3.8125H5.625C5.41406 3.8125 5.25 4 5.25 4.1875V4.5625C5.25 4.77344 5.41406 4.9375 5.625 4.9375H10.125C10.3125 4.9375 10.5 4.77344 10.5 4.5625V4.1875C10.5 4 10.3125 3.8125 10.125 3.8125ZM11.625 1.5625H5.625C5.41406 1.5625 5.25 1.75 5.25 1.9375V2.3125C5.25 2.52344 5.41406 2.6875 5.625 2.6875H11.625C11.8125 2.6875 12 2.52344 12 2.3125V1.9375C12 1.75 11.8125 1.5625 11.625 1.5625ZM8.625 6.0625H5.625C5.41406 6.0625 5.25 6.25 5.25 6.4375V6.8125C5.25 7.02344 5.41406 7.1875 5.625 7.1875H8.625C8.8125 7.1875 9 7.02344 9 6.8125V6.4375C9 6.25 8.8125 6.0625 8.625 6.0625Z"
            />
          </svg>
          <div
            class="css-98szye"
            data-testid="resizer-box"
          >
            <div
              class="css-1blz21u"
            >
              <div
                class="css-4vqtv0"
              >
                <svg
                  class="chakra-icon css-1s9fj3p"
                  focusable="false"
                  viewBox="0 0 24 24"
                >
                  <path
                    d="M15.41 7.41L14 6l-6 6 6 6 1.41-1.41L10.83 12z"
                    fill="currentColor"
                  />
                </svg>
              </div>
              <div
                class="css-txswq5"
              />
              <div
                class="css-4vqtv0"
              >
                <svg
                  class="chakra-icon css-1acsmdq"
                  focusable="false"
                  viewBox="0 0 24 24"
                >
                  <path
                    d="M10 6L8.59 7.41 13.17 12l-4.58 4.59L10 18l6-6z"
                    fill="currentColor"
                  />
                </svg>
              </div>
            </div>
          </div>
        </div>
      </div>
    </div>
  </div>
  <span
    hidden=""
    id="__chakra_env"
  />
</DocumentFragment>
`;

exports[`<ResizableBody/> it renders and sorting ascending works 1`] = `
<DocumentFragment>
  <div
    class="chakra-table css-1e8m6zn"
  >
    <div
      class="css-1wzx962"
    >
      <div
        class="css-pqv3b8"
      >
        <div
          class="css-ah6f5b"
          data-testid="column-header"
        >
          <span />
          <svg
            class="chakra-icon css-1a3akiy"
            focusable="false"
            style="margin-left: 4px;"
            viewBox="0 0 30 24"
          >
            <path
              d="M28.6868 1.01372H16.078C15.3793 1.01372 14.8124 1.58114 14.8124 2.2804C14.8124 2.97966 15.3793 3.54708 16.078 3.54708H28.6868C29.3855 3.54708 29.9524 2.97966 29.9524 2.2804C29.9524 1.58114 29.4304 1.01372 28.6868 1.01372ZM18.6093 21.2337H16.078C15.3793 21.2337 14.8124 21.8011 14.8124 22.5003C14.8124 23.1996 15.3819 23.8124 16.078 23.8124H18.6093C19.308 23.8124 19.8274 23.245 19.8274 22.5457C19.8274 21.8464 19.3054 21.2337 18.6093 21.2337ZM21.9368 14.5258H16.078C15.3793 14.5258 14.8124 15.0933 14.8124 15.7925C14.8124 16.4918 15.3793 17.0592 16.078 17.0592H21.9368C22.6355 17.0592 23.2024 16.4918 23.2024 15.7925C23.2024 15.0933 22.6804 14.5258 21.9368 14.5258ZM25.3118 7.77058H16.078C15.3793 7.77058 14.8124 8.338 14.8124 9.03726C14.8124 9.73651 15.3793 10.3039 16.078 10.3039H25.3118C26.0105 10.3039 26.5774 9.73651 26.5774 9.03726C26.5774 8.338 26.0554 7.77058 25.3118 7.77058ZM7.30302 0.576026C6.82514 0.0581744 5.92191 0.0581744 5.44413 0.576026L0.383216 6.06198C-0.0913934 6.57656 -0.0600692 7.37823 0.454091 7.85179C0.69804 8.08171 1.00601 8.19245 1.3124 8.19245C1.65353 8.19245 1.9932 8.05566 2.24158 7.78539L5.10927 4.67507V22.5467C5.10927 23.2428 5.6788 23.8124 6.3749 23.8124C7.07099 23.8124 7.64052 23.2428 7.64052 22.4993V4.67507L10.5077 7.78376C10.9786 8.29792 11.7802 8.33483 12.297 7.85495C12.8085 7.38034 12.8401 6.57878 12.3655 6.06198L7.30302 0.576026Z"
            />
          </svg>
          <div
            class="css-98szye"
            data-testid="resizer-box"
          >
            <div
              class="css-1blz21u"
            >
              <div
                class="css-4vqtv0"
              >
                <svg
                  class="chakra-icon css-1s9fj3p"
                  focusable="false"
                  viewBox="0 0 24 24"
                >
                  <path
                    d="M15.41 7.41L14 6l-6 6 6 6 1.41-1.41L10.83 12z"
                    fill="currentColor"
                  />
                </svg>
              </div>
              <div
                class="css-txswq5"
              />
              <div
                class="css-4vqtv0"
              >
                <svg
                  class="chakra-icon css-1acsmdq"
                  focusable="false"
                  viewBox="0 0 24 24"
                >
                  <path
                    d="M10 6L8.59 7.41 13.17 12l-4.58 4.59L10 18l6-6z"
                    fill="currentColor"
                  />
                </svg>
              </div>
            </div>
          </div>
        </div>
      </div>
    </div>
  </div>
  <span
    hidden=""
    id="__chakra_env"
  />
</DocumentFragment>
`;

exports[`<ResizableBody/> it renders and sorting desc works 1`] = `
<DocumentFragment>
  <div
    class="chakra-table css-1e8m6zn"
  >
    <div
      class="css-1wzx962"
    >
      <div
        class="css-pqv3b8"
      >
        <div
          class="css-ah6f5b"
          data-testid="column-header"
        >
          <span />
          <svg
            class="chakra-icon css-1a3akiy"
            focusable="false"
            style="margin-left: 4px;"
            viewBox="0 0 12 11"
          >
            <path
              d="M7.125 8.3125H5.625C5.41406 8.3125 5.25 8.5 5.25 8.6875V9.0625C5.25 9.27344 5.41406 9.4375 5.625 9.4375H7.125C7.3125 9.4375 7.5 9.27344 7.5 9.0625V8.6875C7.5 8.5 7.3125 8.3125 7.125 8.3125ZM3.84375 8.5H2.8125V0.625C2.8125 0.4375 2.625 0.25 2.4375 0.25H2.0625C1.85156 0.25 1.6875 0.4375 1.6875 0.625V8.5H0.65625H0.632812C0.492188 8.5 0.351562 8.64062 0.351562 8.78125C0.351562 8.85156 0.398438 8.94531 0.445312 8.99219L2.03906 10.6797C2.08594 10.7266 2.17969 10.75 2.22656 10.75C2.29688 10.75 2.39062 10.7266 2.4375 10.6797L4.03125 8.99219C4.07812 8.94531 4.10156 8.85156 4.10156 8.78125C4.10156 8.64062 3.98438 8.52344 3.84375 8.5ZM10.125 3.8125H5.625C5.41406 3.8125 5.25 4 5.25 4.1875V4.5625C5.25 4.77344 5.41406 4.9375 5.625 4.9375H10.125C10.3125 4.9375 10.5 4.77344 10.5 4.5625V4.1875C10.5 4 10.3125 3.8125 10.125 3.8125ZM11.625 1.5625H5.625C5.41406 1.5625 5.25 1.75 5.25 1.9375V2.3125C5.25 2.52344 5.41406 2.6875 5.625 2.6875H11.625C11.8125 2.6875 12 2.52344 12 2.3125V1.9375C12 1.75 11.8125 1.5625 11.625 1.5625ZM8.625 6.0625H5.625C5.41406 6.0625 5.25 6.25 5.25 6.4375V6.8125C5.25 7.02344 5.41406 7.1875 5.625 7.1875H8.625C8.8125 7.1875 9 7.02344 9 6.8125V6.4375C9 6.25 8.8125 6.0625 8.625 6.0625Z"
            />
          </svg>
          <div
            class="css-98szye"
            data-testid="resizer-box"
          >
            <div
              class="css-1blz21u"
            >
              <div
                class="css-4vqtv0"
              >
                <svg
                  class="chakra-icon css-1s9fj3p"
                  focusable="false"
                  viewBox="0 0 24 24"
                >
                  <path
                    d="M15.41 7.41L14 6l-6 6 6 6 1.41-1.41L10.83 12z"
                    fill="currentColor"
                  />
                </svg>
              </div>
              <div
                class="css-txswq5"
              />
              <div
                class="css-4vqtv0"
              >
                <svg
                  class="chakra-icon css-1acsmdq"
                  focusable="false"
                  viewBox="0 0 24 24"
                >
                  <path
                    d="M10 6L8.59 7.41 13.17 12l-4.58 4.59L10 18l6-6z"
                    fill="currentColor"
                  />
                </svg>
              </div>
            </div>
          </div>
        </div>
      </div>
    </div>
  </div>
  <span
    hidden=""
    id="__chakra_env"
  />
</DocumentFragment>
`;

exports[`<ResizableBody/> it renders as fixed header and resizing works 1`] = `
<DocumentFragment>
  <div
    class="chakra-table css-1e8m6zn"
  >
    <div
      class="css-kqwrs4"
    >
      <div
        class="css-pqv3b8"
      >
        <div
          class="css-z4yjoo"
          data-testid="column-header"
        >
          <span />
          <svg
            class="chakra-icon css-162s3ve"
            focusable="false"
            style="margin-left: 4px; transform: scaleY(1);"
            viewBox="0 0 12 11"
          >
            <path
              d="M7.125 8.3125H5.625C5.41406 8.3125 5.25 8.5 5.25 8.6875V9.0625C5.25 9.27344 5.41406 9.4375 5.625 9.4375H7.125C7.3125 9.4375 7.5 9.27344 7.5 9.0625V8.6875C7.5 8.5 7.3125 8.3125 7.125 8.3125ZM3.84375 8.5H2.8125V0.625C2.8125 0.4375 2.625 0.25 2.4375 0.25H2.0625C1.85156 0.25 1.6875 0.4375 1.6875 0.625V8.5H0.65625H0.632812C0.492188 8.5 0.351562 8.64062 0.351562 8.78125C0.351562 8.85156 0.398438 8.94531 0.445312 8.99219L2.03906 10.6797C2.08594 10.7266 2.17969 10.75 2.22656 10.75C2.29688 10.75 2.39062 10.7266 2.4375 10.6797L4.03125 8.99219C4.07812 8.94531 4.10156 8.85156 4.10156 8.78125C4.10156 8.64062 3.98438 8.52344 3.84375 8.5ZM10.125 3.8125H5.625C5.41406 3.8125 5.25 4 5.25 4.1875V4.5625C5.25 4.77344 5.41406 4.9375 5.625 4.9375H10.125C10.3125 4.9375 10.5 4.77344 10.5 4.5625V4.1875C10.5 4 10.3125 3.8125 10.125 3.8125ZM11.625 1.5625H5.625C5.41406 1.5625 5.25 1.75 5.25 1.9375V2.3125C5.25 2.52344 5.41406 2.6875 5.625 2.6875H11.625C11.8125 2.6875 12 2.52344 12 2.3125V1.9375C12 1.75 11.8125 1.5625 11.625 1.5625ZM8.625 6.0625H5.625C5.41406 6.0625 5.25 6.25 5.25 6.4375V6.8125C5.25 7.02344 5.41406 7.1875 5.625 7.1875H8.625C8.8125 7.1875 9 7.02344 9 6.8125V6.4375C9 6.25 8.8125 6.0625 8.625 6.0625Z"
            />
          </svg>
          <div
            class="css-1xnqoq9"
            data-testid="resizer-box"
          >
            <div
              class="css-1blz21u"
            >
              <div
                class="css-4vqtv0"
              >
                <svg
                  class="chakra-icon css-1s9fj3p"
                  focusable="false"
                  viewBox="0 0 24 24"
                >
                  <path
                    d="M15.41 7.41L14 6l-6 6 6 6 1.41-1.41L10.83 12z"
                    fill="currentColor"
                  />
                </svg>
              </div>
              <div
                class="css-txswq5"
              />
              <div
                class="css-4vqtv0"
              >
                <svg
                  class="chakra-icon css-1acsmdq"
                  focusable="false"
                  viewBox="0 0 24 24"
                >
                  <path
                    d="M10 6L8.59 7.41 13.17 12l-4.58 4.59L10 18l6-6z"
                    fill="currentColor"
                  />
                </svg>
              </div>
            </div>
          </div>
        </div>
      </div>
    </div>
  </div>
  <span
    hidden=""
    id="__chakra_env"
  />
</DocumentFragment>
`;
